============================================================
Started: 2026-05-07T11:26:45+00:00
Working directory: /workspace/condition_df
Input notebook: notebooks/example_8b_mnist_cp_target_conditioned_score.ipynb
Output notebook: runs/8b_run_coverage.ipynb
Log file: logs/8b_run_coverage_20260507_112645.log
RunPod action after success: delete
============================================================
Papermill not found in current Python environment. Installing papermill and ipykernel...
Collecting papermill
  Downloading papermill-2.7.0-py3-none-any.whl.metadata (13 kB)
Requirement already satisfied: ipykernel in /usr/local/lib/python3.11/dist-packages (6.29.5)
Collecting click (from papermill)
  Downloading click-8.3.3-py3-none-any.whl.metadata (2.6 kB)
Requirement already satisfied: entrypoints in /usr/local/lib/python3.11/dist-packages (from papermill) (0.4)
Requirement already satisfied: nbclient>=0.2 in /usr/local/lib/python3.11/dist-packages (from papermill) (0.10.0)
Requirement already satisfied: nbformat>=5.2 in /usr/local/lib/python3.11/dist-packages (from papermill) (5.10.4)
Requirement already satisfied: pyyaml in /usr/local/lib/python3.11/dist-packages (from papermill) (6.0.2)
Requirement already satisfied: requests in /usr/local/lib/python3.11/dist-packages (from papermill) (2.32.3)
Collecting tenacity>=5.0.2 (from papermill)
  Downloading tenacity-9.1.4-py3-none-any.whl.metadata (1.2 kB)
Collecting tqdm>=4.32.2 (from papermill)
  Downloading tqdm-4.67.3-py3-none-any.whl.metadata (57 kB)
Requirement already satisfied: comm>=0.1.1 in /usr/local/lib/python3.11/dist-packages (from ipykernel) (0.2.2)
Requirement already satisfied: debugpy>=1.6.5 in /usr/local/lib/python3.11/dist-packages (from ipykernel) (1.8.5)
Requirement already satisfied: ipython>=7.23.1 in /usr/local/lib/python3.11/dist-packages (from ipykernel) (8.27.0)
Requirement already satisfied: jupyter-client>=6.1.12 in /usr/local/lib/python3.11/dist-packages (from ipykernel) (7.4.9)
Requirement already satisfied: jupyter-core!=5.0.*,>=4.12 in /usr/local/lib/python3.11/dist-packages (from ipykernel) (5.7.2)
Requirement already satisfied: matplotlib-inline>=0.1 in /usr/local/lib/python3.11/dist-packages (from ipykernel) (0.1.7)
Requirement already satisfied: nest-asyncio in /usr/local/lib/python3.11/dist-packages (from ipykernel) (1.6.0)
Requirement already satisfied: packaging in /usr/local/lib/python3.11/dist-packages (from ipykernel) (24.1)
Requirement already satisfied: psutil in /usr/local/lib/python3.11/dist-packages (from ipykernel) (6.0.0)
Requirement already satisfied: pyzmq>=24 in /usr/local/lib/python3.11/dist-packages (from ipykernel) (24.0.1)
Requirement already satisfied: tornado>=6.1 in /usr/local/lib/python3.11/dist-packages (from ipykernel) (6.4.1)
Requirement already satisfied: traitlets>=5.4.0 in /usr/local/lib/python3.11/dist-packages (from ipykernel) (5.14.3)
Requirement already satisfied: decorator in /usr/local/lib/python3.11/dist-packages (from ipython>=7.23.1->ipykernel) (5.1.1)
Requirement already satisfied: jedi>=0.16 in /usr/local/lib/python3.11/dist-packages (from ipython>=7.23.1->ipykernel) (0.19.1)
Requirement already satisfied: prompt-toolkit<3.1.0,>=3.0.41 in /usr/local/lib/python3.11/dist-packages (from ipython>=7.23.1->ipykernel) (3.0.47)
Requirement already satisfied: pygments>=2.4.0 in /usr/local/lib/python3.11/dist-packages (from ipython>=7.23.1->ipykernel) (2.18.0)
Requirement already satisfied: stack-data in /usr/local/lib/python3.11/dist-packages (from ipython>=7.23.1->ipykernel) (0.6.3)
Requirement already satisfied: typing-extensions>=4.6 in /usr/local/lib/python3.11/dist-packages (from ipython>=7.23.1->ipykernel) (4.9.0)
Requirement already satisfied: pexpect>4.3 in /usr/local/lib/python3.11/dist-packages (from ipython>=7.23.1->ipykernel) (4.9.0)
Requirement already satisfied: python-dateutil>=2.8.2 in /usr/local/lib/python3.11/dist-packages (from jupyter-client>=6.1.12->ipykernel) (2.9.0.post0)
Requirement already satisfied: platformdirs>=2.5 in /usr/local/lib/python3.11/dist-packages (from jupyter-core!=5.0.*,>=4.12->ipykernel) (4.3.6)
Requirement already satisfied: fastjsonschema>=2.15 in /usr/local/lib/python3.11/dist-packages (from nbformat>=5.2->papermill) (2.20.0)
Requirement already satisfied: jsonschema>=2.6 in /usr/local/lib/python3.11/dist-packages (from nbformat>=5.2->papermill) (4.23.0)
Requirement already satisfied: charset-normalizer<4,>=2 in /usr/local/lib/python3.11/dist-packages (from requests->papermill) (3.3.2)
Requirement already satisfied: idna<4,>=2.5 in /usr/local/lib/python3.11/dist-packages (from requests->papermill) (3.10)
Requirement already satisfied: urllib3<3,>=1.21.1 in /usr/local/lib/python3.11/dist-packages (from requests->papermill) (2.2.3)
Requirement already satisfied: certifi>=2017.4.17 in /usr/local/lib/python3.11/dist-packages (from requests->papermill) (2024.8.30)
Requirement already satisfied: parso<0.9.0,>=0.8.3 in /usr/local/lib/python3.11/dist-packages (from jedi>=0.16->ipython>=7.23.1->ipykernel) (0.8.4)
Requirement already satisfied: attrs>=22.2.0 in /usr/local/lib/python3.11/dist-packages (from jsonschema>=2.6->nbformat>=5.2->papermill) (24.2.0)
Requirement already satisfied: jsonschema-specifications>=2023.03.6 in /usr/local/lib/python3.11/dist-packages (from jsonschema>=2.6->nbformat>=5.2->papermill) (2023.12.1)
Requirement already satisfied: referencing>=0.28.4 in /usr/local/lib/python3.11/dist-packages (from jsonschema>=2.6->nbformat>=5.2->papermill) (0.35.1)
Requirement already satisfied: rpds-py>=0.7.1 in /usr/local/lib/python3.11/dist-packages (from jsonschema>=2.6->nbformat>=5.2->papermill) (0.20.0)
Requirement already satisfied: ptyprocess>=0.5 in /usr/local/lib/python3.11/dist-packages (from pexpect>4.3->ipython>=7.23.1->ipykernel) (0.7.0)
Requirement already satisfied: wcwidth in /usr/local/lib/python3.11/dist-packages (from prompt-toolkit<3.1.0,>=3.0.41->ipython>=7.23.1->ipykernel) (0.2.13)
Requirement already satisfied: six>=1.5 in /usr/lib/python3/dist-packages (from python-dateutil>=2.8.2->jupyter-client>=6.1.12->ipykernel) (1.16.0)
Requirement already satisfied: executing>=1.2.0 in /usr/local/lib/python3.11/dist-packages (from stack-data->ipython>=7.23.1->ipykernel) (2.1.0)
Requirement already satisfied: asttokens>=2.1.0 in /usr/local/lib/python3.11/dist-packages (from stack-data->ipython>=7.23.1->ipykernel) (2.4.1)
Requirement already satisfied: pure-eval in /usr/local/lib/python3.11/dist-packages (from stack-data->ipython>=7.23.1->ipykernel) (0.2.3)
Downloading papermill-2.7.0-py3-none-any.whl (88 kB)
Downloading tenacity-9.1.4-py3-none-any.whl (28 kB)
Downloading tqdm-4.67.3-py3-none-any.whl (78 kB)
Downloading click-8.3.3-py3-none-any.whl (110 kB)
Installing collected packages: tqdm, tenacity, click, papermill
Successfully installed click-8.3.3 papermill-2.7.0 tenacity-9.1.4 tqdm-4.67.3
WARNING: Running pip as the 'root' user can result in broken permissions and conflicting behaviour with the system package manager, possibly rendering your system unusable.It is recommended to use a virtual environment instead: https://pip.pypa.io/warnings/venv. Use the --root-user-action option if you know what you are doing and want to suppress this warning.

[notice] A new release of pip is available: 24.2 -> 26.1.1
[notice] To update, run: python -m pip install --upgrade pip
Running Papermill...
Command: python -m papermill notebooks/example_8b_mnist_cp_target_conditioned_score.ipynb runs/8b_run_coverage.ipynb --log-output --request-save-on-cell-execute --autosave-cell-every 60 
Input Notebook:  notebooks/example_8b_mnist_cp_target_conditioned_score.ipynb
Output Notebook: runs/8b_run_coverage.ipynb
Executing notebook with kernel: python3
Executing Cell 1---------------------------------------
Ending Cell 1------------------------------------------
Executing Cell 2---------------------------------------
Ending Cell 2------------------------------------------
Executing Cell 3---------------------------------------
CUDA available: True
GPU: NVIDIA H100 80GB HBM3
_CudaDeviceProperties(name='NVIDIA H100 80GB HBM3', major=9, minor=0, total_memory=81079MB, multi_processor_count=132)

Ending Cell 3------------------------------------------
Executing Cell 4---------------------------------------
repo root: /workspace/condition_df
device: cuda

Ending Cell 4------------------------------------------
Executing Cell 5---------------------------------------
Ending Cell 5------------------------------------------
Executing Cell 6---------------------------------------
Ending Cell 6------------------------------------------
Executing Cell 7---------------------------------------
FAST_DEMO = False
MNIST-CP path = /workspace/condition_df/mnist_data/mnist_cp.npz
train/val/test per class = (2000, 250, 250)
points per contour = all saved points
score epochs/batch = (80, 32)
score conditioning mode = film
sigma range = (0.25, 0.005) levels = 10
sampler = shape_gf_langevin steps per level = 10
direct/replay probabilities = (0.25, 0.5)
target-grid dropout = 0.25
latent priors: Gaussian covariance scale = 0.25 PCA dim = 32
show progress = True latent generation progress = True
student latent regularizers = (1.0, 0.05, 0.1)
latent shape AE = (True, 100)
latent-only student enabled = True
generation latent source / force recompute = ('student', True)
student Chamfer validation = (5, 16)
fine refinement = (True, 20, 0.03)
topology refinement = (True, (0, 6, 8, 9), 20)
fine sampler levels/multiplier = (4, 3)
decoded raster guidance = (0.25, -4)
checkpoint mode/path = auto /workspace/condition_df/artifacts/checkpoints/example_8b_mnist_cp_target_conditioned_score.pt

Ending Cell 7------------------------------------------
Executing Cell 8---------------------------------------
Ending Cell 8------------------------------------------
Executing Cell 9---------------------------------------
normalization in file: bbox_centered_longest_side_to_[-1,1]
train positions: (20000, 800, 2) labels: [2000 2000 2000 2000 2000 2000 2000 2000 2000 2000]
val positions: (2500, 800, 2) labels: [250 250 250 250 250 250 250 250 250 250]
reference positions: (2500, 800, 2) labels: [250 250 250 250 250 250 250 250 250 250]
K = 800

Ending Cell 9------------------------------------------
Executing Cell 10--------------------------------------
<Figure size 650x1300 with 50 Axes>
Ending Cell 10-----------------------------------------
Executing Cell 11--------------------------------------
Ending Cell 11-----------------------------------------
Executing Cell 12--------------------------------------
tau range: (1.5625e-08, 3.90625e-05)

   level  sigma_unit_square  sigma_pixels           tau
0      0           0.250000      7.000000  3.906250e-05
1      1           0.161870      4.532352  1.637613e-05
2      2           0.104807      2.934602  6.865343e-06
3      3           0.067860      1.900092  2.878150e-06
4      4           0.043938      1.230270  1.206603e-06
5      5           0.028449      0.796573  5.058428e-07
6      6           0.018420      0.515764  2.120639e-07
7      7           0.011927      0.333947  8.890328e-08
8      8           0.007722      0.216223  3.727082e-08
9      9           0.005000      0.140000  1.562500e-08
Ending Cell 12-----------------------------------------
Executing Cell 13--------------------------------------
Ending Cell 13-----------------------------------------
Executing Cell 14--------------------------------------
Ending Cell 14-----------------------------------------
Executing Cell 15--------------------------------------
Ending Cell 15-----------------------------------------
Executing Cell 16--------------------------------------
Loaded score checkpoint from /workspace/condition_df/artifacts/checkpoints/example_8b_mnist_cp_target_conditioned_score.pt
target raster cache enabled: True
TargetConditionedScoreModel(
  (target_encoder): TargetPointCloudEncoder(
    (point_mlp): Sequential(
      (0): Linear(in_features=4, out_features=256, bias=True)
      (1): GELU(approximate='none')
      (2): Dropout(p=0.02, inplace=False)
      (3): Linear(in_features=256, out_features=256, bias=True)
      (4): GELU(approximate='none')
      (5): Dropout(p=0.02, inplace=False)
      (6): Linear(in_features=256, out_features=256, bias=True)
      (7): GELU(approximate='none')
    )
    (latent_head): Sequential(
      (0): Linear(in_features=768, out_features=256, bias=True)
      (1): GELU(approximate='none')
      (2): Dropout(p=0.02, inplace=False)
      (3): Linear(in_features=256, out_features=128, bias=True)
    )
    (latent_norm): LayerNorm((128,), eps=1e-05, elementwise_affine=True)
  )
  (time_mlp): Sequential(
    (0): Linear(in_features=3, out_features=64, bias=True)
    (1): GELU(approximate='none')
    (2): Linear(in_features=64, out_features=64, bias=True)
    (3): GELU(approximate='none')
  )
  (label_embedding): Embedding(10, 64)
  (context_mlp): Sequential(
    (0): Linear(in_features=256, out_features=128, bias=True)
    (1): GELU(approximate='none')
    (2): Linear(in_features=128, out_features=128, bias=True)
    (3): GELU(approximate='none')
  )
  (latent_label_head): Sequential(
    (0): LayerNorm((128,), eps=1e-05, elementwise_affine=True)
    (1): Linear(in_features=128, out_features=128, bias=True)
    (2): GELU(approximate='none')
    (3): Linear(in_features=128, out_features=10, bias=True)
  )
  (feature_unet): _SmallUNet2d(
    (enc1): _ConvBlock2d(
      (net): Sequential(
        (0): Conv2d(130, 48, kernel_size=(3, 3), stride=(1, 1), padding=(1, 1), bias=False)
        (1): GroupNorm(8, 48, eps=1e-05, affine=True)
        (2): GELU(approximate='none')
        (3): Conv2d(48, 48, kernel_size=(3, 3), stride=(1, 1), padding=(1, 1), bias=False)
        (4): GroupNorm(8, 48, eps=1e-05, affine=True)
        (5): GELU(approximate='none')
      )
    )
    (pool1): AvgPool2d(kernel_size=2, stride=2, padding=0)
    (enc2): _ConvBlock2d(
      (net): Sequential(
        (0): Conv2d(48, 96, kernel_size=(3, 3), stride=(1, 1), padding=(1, 1), bias=False)
        (1): GroupNorm(8, 96, eps=1e-05, affine=True)
        (2): GELU(approximate='none')
        (3): Conv2d(96, 96, kernel_size=(3, 3), stride=(1, 1), padding=(1, 1), bias=False)
        (4): GroupNorm(8, 96, eps=1e-05, affine=True)
        (5): GELU(approximate='none')
      )
    )
    (pool2): AvgPool2d(kernel_size=2, stride=2, padding=0)
    (bottleneck): _ConvBlock2d(
      (net): Sequential(
        (0): Conv2d(96, 192, kernel_size=(3, 3), stride=(1, 1), padding=(1, 1), bias=False)
        (1): GroupNorm(8, 192, eps=1e-05, affine=True)
        (2): GELU(approximate='none')
        (3): Conv2d(192, 192, kernel_size=(3, 3), stride=(1, 1), padding=(1, 1), bias=False)
        (4): GroupNorm(8, 192, eps=1e-05, affine=True)
        (5): GELU(approximate='none')
      )
    )
    (up2): Conv2d(192, 96, kernel_size=(1, 1), stride=(1, 1))
    (dec2): _ConvBlock2d(
      (net): Sequential(
        (0): Conv2d(192, 96, kernel_size=(3, 3), stride=(1, 1), padding=(1, 1), bias=False)
        (1): GroupNorm(8, 96, eps=1e-05, affine=True)
        (2): GELU(approximate='none')
        (3): Conv2d(96, 96, kernel_size=(3, 3), stride=(1, 1), padding=(1, 1), bias=False)
        (4): GroupNorm(8, 96, eps=1e-05, affine=True)
        (5): GELU(approximate='none')
      )
    )
    (up1): Conv2d(96, 48, kernel_size=(1, 1), stride=(1, 1))
    (dec1): _ConvBlock2d(
      (net): Sequential(
        (0): Conv2d(96, 48, kernel_size=(3, 3), stride=(1, 1), padding=(1, 1), bias=False)
        (1): GroupNorm(8, 48, eps=1e-05, affine=True)
        (2): GELU(approximate='none')
        (3): Conv2d(48, 48, kernel_size=(3, 3), stride=(1, 1), padding=(1, 1), bias=False)
        (4): GroupNorm(8, 48, eps=1e-05, affine=True)
        (5): GELU(approximate='none')
      )
    )
    (out): Conv2d(48, 96, kernel_size=(1, 1), stride=(1, 1))
  )
  (target_feature_unet): _SmallUNet2d(
    (enc1): _ConvBlock2d(
      (net): Sequential(
        (0): Conv2d(130, 48, kernel_size=(3, 3), stride=(1, 1), padding=(1, 1), bias=False)
        (1): GroupNorm(8, 48, eps=1e-05, affine=True)
        (2): GELU(approximate='none')
        (3): Conv2d(48, 48, kernel_size=(3, 3), stride=(1, 1), padding=(1, 1), bias=False)
        (4): GroupNorm(8, 48, eps=1e-05, affine=True)
        (5): GELU(approximate='none')
      )
    )
    (pool1): AvgPool2d(kernel_size=2, stride=2, padding=0)
    (enc2): _ConvBlock2d(
      (net): Sequential(
        (0): Conv2d(48, 96, kernel_size=(3, 3), stride=(1, 1), padding=(1, 1), bias=False)
        (1): GroupNorm(8, 96, eps=1e-05, affine=True)
        (2): GELU(approximate='none')
        (3): Conv2d(96, 96, kernel_size=(3, 3), stride=(1, 1), padding=(1, 1), bias=False)
        (4): GroupNorm(8, 96, eps=1e-05, affine=True)
        (5): GELU(approximate='none')
      )
    )
    (pool2): AvgPool2d(kernel_size=2, stride=2, padding=0)
    (bottleneck): _ConvBlock2d(
      (net): Sequential(
        (0): Conv2d(96, 192, kernel_size=(3, 3), stride=(1, 1), padding=(1, 1), bias=False)
        (1): GroupNorm(8, 192, eps=1e-05, affine=True)
        (2): GELU(approximate='none')
        (3): Conv2d(192, 192, kernel_size=(3, 3), stride=(1, 1), padding=(1, 1), bias=False)
        (4): GroupNorm(8, 192, eps=1e-05, affine=True)
        (5): GELU(approximate='none')
      )
    )
    (up2): Conv2d(192, 96, kernel_size=(1, 1), stride=(1, 1))
    (dec2): _ConvBlock2d(
      (net): Sequential(
        (0): Conv2d(192, 96, kernel_size=(3, 3), stride=(1, 1), padding=(1, 1), bias=False)
        (1): GroupNorm(8, 96, eps=1e-05, affine=True)
        (2): GELU(approximate='none')
        (3): Conv2d(96, 96, kernel_size=(3, 3), stride=(1, 1), padding=(1, 1), bias=False)
        (4): GroupNorm(8, 96, eps=1e-05, affine=True)
        (5): GELU(approximate='none')
      )
    )
    (up1): Conv2d(96, 48, kernel_size=(1, 1), stride=(1, 1))
    (dec1): _ConvBlock2d(
      (net): Sequential(
        (0): Conv2d(96, 48, kernel_size=(3, 3), stride=(1, 1), padding=(1, 1), bias=False)
        (1): GroupNorm(8, 48, eps=1e-05, affine=True)
        (2): GELU(approximate='none')
        (3): Conv2d(48, 48, kernel_size=(3, 3), stride=(1, 1), padding=(1, 1), bias=False)
        (4): GroupNorm(8, 48, eps=1e-05, affine=True)
        (5): GELU(approximate='none')
      )
    )
    (out): Conv2d(48, 96, kernel_size=(1, 1), stride=(1, 1))
  )
  (set_encoder): NoisySetEquivariantEncoder(
    (input_projection): Sequential(
      (0): Linear(in_features=132, out_features=128, bias=True)
      (1): GELU(approximate='none')
      (2): Linear(in_features=128, out_features=128, bias=True)
      (3): GELU(approximate='none')
    )
    (blocks): ModuleList(
      (0-2): 3 x _EquivariantContextBlock(
        (update): Sequential(
          (0): LayerNorm((512,), eps=1e-05, elementwise_affine=True)
          (1): Linear(in_features=512, out_features=128, bias=True)
          (2): GELU(approximate='none')
          (3): Dropout(p=0.02, inplace=False)
          (4): Linear(in_features=128, out_features=128, bias=True)
        )
      )
    )
    (output_projection): Sequential(
      (0): LayerNorm((128,), eps=1e-05, elementwise_affine=True)
      (1): Linear(in_features=128, out_features=128, bias=True)
      (2): GELU(approximate='none')
    )
  )
  (point_score_head): _FiLMScoreHead(
    (input): Sequential(
      (0): Linear(in_features=228, out_features=256, bias=True)
      (1): GELU(approximate='none')
    )
    (blocks): ModuleList(
      (0-1): 2 x _FiLMResidualMLPBlock(
        (norm): LayerNorm((256,), eps=1e-05, elementwise_affine=True)
        (to_scale_shift): Sequential(
          (0): Linear(in_features=128, out_features=512, bias=True)
          (1): GELU(approximate='none')
          (2): Linear(in_features=512, out_features=512, bias=True)
        )
        (net): Sequential(
          (0): Linear(in_features=256, out_features=256, bias=True)
          (1): GELU(approximate='none')
          (2): Dropout(p=0.02, inplace=False)
          (3): Linear(in_features=256, out_features=256, bias=True)
        )
      )
    )
    (output): Sequential(
      (0): LayerNorm((256,), eps=1e-05, elementwise_affine=True)
      (1): Linear(in_features=256, out_features=2, bias=True)
    )
  )
  (measure_score_head): _FiLMScoreHead(
    (input): Sequential(
      (0): Linear(in_features=452, out_features=256, bias=True)
      (1): GELU(approximate='none')
    )
    (blocks): ModuleList(
      (0-1): 2 x _FiLMResidualMLPBlock(
        (norm): LayerNorm((256,), eps=1e-05, elementwise_affine=True)
        (to_scale_shift): Sequential(
          (0): Linear(in_features=128, out_features=512, bias=True)
          (1): GELU(approximate='none')
          (2): Linear(in_features=512, out_features=512, bias=True)
        )
        (net): Sequential(
          (0): Linear(in_features=256, out_features=256, bias=True)
          (1): GELU(approximate='none')
          (2): Dropout(p=0.02, inplace=False)
          (3): Linear(in_features=256, out_features=256, bias=True)
        )
      )
    )
    (output): Sequential(
      (0): LayerNorm((256,), eps=1e-05, elementwise_affine=True)
      (1): Linear(in_features=256, out_features=2, bias=True)
    )
  )
)

Ending Cell 16-----------------------------------------
Executing Cell 17--------------------------------------
Checkpoint loaded; skipping score training. Set CHECKPOINT_MODE = "train" to retrain.

Ending Cell 17-----------------------------------------
Executing Cell 18--------------------------------------
Ending Cell 18-----------------------------------------
Executing Cell 19--------------------------------------
Intermediate checkpoint saving is disabled; final checkpoint will be written near the end if SAVE_SCORE_CHECKPOINT=True.

Ending Cell 19-----------------------------------------
Executing Cell 20--------------------------------------
<Figure size 600x400 with 1 Axes>
Ending Cell 20-----------------------------------------
Executing Cell 21--------------------------------------
Ending Cell 21-----------------------------------------
Executing Cell 22--------------------------------------
latent shape AE:   0%|          | 0/100 [00:00<?, ?it/s]
latent shape AE train 1/100:   0%|          | 0/157 [00:00<?, ?it/s]
latent shape AE val 1/100:   0%|          | 0/20 [00:00<?, ?it/s]
[latent-shape-ae] epoch 0001/100: train=4.43459 val=8.71066 z_std=0.894 cls=0.103

latent shape AE train 2/100:   0%|          | 0/157 [00:00<?, ?it/s]
latent shape AE val 2/100:   0%|          | 0/20 [00:00<?, ?it/s]
latent shape AE train 3/100:   0%|          | 0/157 [00:00<?, ?it/s]
latent shape AE val 3/100:   0%|          | 0/20 [00:00<?, ?it/s]
latent shape AE train 4/100:   0%|          | 0/157 [00:00<?, ?it/s]
latent shape AE val 4/100:   0%|          | 0/20 [00:00<?, ?it/s]
latent shape AE train 5/100:   0%|          | 0/157 [00:00<?, ?it/s]
latent shape AE val 5/100:   0%|          | 0/20 [00:00<?, ?it/s]
latent shape AE train 6/100:   0%|          | 0/157 [00:00<?, ?it/s]
latent shape AE val 6/100:   0%|          | 0/20 [00:00<?, ?it/s]
latent shape AE train 7/100:   0%|          | 0/157 [00:00<?, ?it/s]
latent shape AE val 7/100:   0%|          | 0/20 [00:00<?, ?it/s]
latent shape AE train 8/100:   0%|          | 0/157 [00:00<?, ?it/s]
latent shape AE val 8/100:   0%|          | 0/20 [00:00<?, ?it/s]
latent shape AE train 9/100:   0%|          | 0/157 [00:00<?, ?it/s]
latent shape AE val 9/100:   0%|          | 0/20 [00:00<?, ?it/s]
latent shape AE train 10/100:   0%|          | 0/157 [00:00<?, ?it/s]
latent shape AE val 10/100:   0%|          | 0/20 [00:00<?, ?it/s]
latent shape AE train 11/100:   0%|          | 0/157 [00:00<?, ?it/s]
latent shape AE val 11/100:   0%|          | 0/20 [00:00<?, ?it/s]
latent shape AE train 12/100:   0%|          | 0/157 [00:00<?, ?it/s]
latent shape AE val 12/100:   0%|          | 0/20 [00:00<?, ?it/s]
latent shape AE train 13/100:   0%|          | 0/157 [00:00<?, ?it/s]
latent shape AE val 13/100:   0%|          | 0/20 [00:00<?, ?it/s]
latent shape AE train 14/100:   0%|          | 0/157 [00:00<?, ?it/s]
latent shape AE val 14/100:   0%|          | 0/20 [00:00<?, ?it/s]
latent shape AE train 15/100:   0%|          | 0/157 [00:00<?, ?it/s]
latent shape AE val 15/100:   0%|          | 0/20 [00:00<?, ?it/s]
latent shape AE train 16/100:   0%|          | 0/157 [00:00<?, ?it/s]
latent shape AE val 16/100:   0%|          | 0/20 [00:00<?, ?it/s]
latent shape AE train 17/100:   0%|          | 0/157 [00:00<?, ?it/s]
latent shape AE val 17/100:   0%|          | 0/20 [00:00<?, ?it/s]
latent shape AE train 18/100:   0%|          | 0/157 [00:00<?, ?it/s]
latent shape AE val 18/100:   0%|          | 0/20 [00:00<?, ?it/s]
latent shape AE train 19/100:   0%|          | 0/157 [00:00<?, ?it/s]
latent shape AE val 19/100:   0%|          | 0/20 [00:00<?, ?it/s]
latent shape AE train 20/100:   0%|          | 0/157 [00:00<?, ?it/s]
latent shape AE val 20/100:   0%|          | 0/20 [00:00<?, ?it/s]
[latent-shape-ae] epoch 0020/100: train=3.01444 val=3.33083 z_std=1.207 cls=0.894

latent shape AE train 21/100:   0%|          | 0/157 [00:00<?, ?it/s]
latent shape AE val 21/100:   0%|          | 0/20 [00:00<?, ?it/s]
latent shape AE train 22/100:   0%|          | 0/157 [00:00<?, ?it/s]
latent shape AE val 22/100:   0%|          | 0/20 [00:00<?, ?it/s]
latent shape AE train 23/100:   0%|          | 0/157 [00:00<?, ?it/s]
latent shape AE val 23/100:   0%|          | 0/20 [00:00<?, ?it/s]
latent shape AE train 24/100:   0%|          | 0/157 [00:00<?, ?it/s]
latent shape AE val 24/100:   0%|          | 0/20 [00:00<?, ?it/s]
latent shape AE train 25/100:   0%|          | 0/157 [00:00<?, ?it/s]
latent shape AE val 25/100:   0%|          | 0/20 [00:00<?, ?it/s]
latent shape AE train 26/100:   0%|          | 0/157 [00:00<?, ?it/s]
latent shape AE val 26/100:   0%|          | 0/20 [00:00<?, ?it/s]
latent shape AE train 27/100:   0%|          | 0/157 [00:00<?, ?it/s]
latent shape AE val 27/100:   0%|          | 0/20 [00:00<?, ?it/s]
latent shape AE train 28/100:   0%|          | 0/157 [00:00<?, ?it/s]
latent shape AE val 28/100:   0%|          | 0/20 [00:00<?, ?it/s]
latent shape AE train 29/100:   0%|          | 0/157 [00:00<?, ?it/s]
latent shape AE val 29/100:   0%|          | 0/20 [00:00<?, ?it/s]
latent shape AE train 30/100:   0%|          | 0/157 [00:00<?, ?it/s]
latent shape AE val 30/100:   0%|          | 0/20 [00:00<?, ?it/s]
latent shape AE train 31/100:   0%|          | 0/157 [00:00<?, ?it/s]
latent shape AE val 31/100:   0%|          | 0/20 [00:00<?, ?it/s]
latent shape AE train 32/100:   0%|          | 0/157 [00:00<?, ?it/s]
latent shape AE val 32/100:   0%|          | 0/20 [00:00<?, ?it/s]
latent shape AE train 33/100:   0%|          | 0/157 [00:00<?, ?it/s]
latent shape AE val 33/100:   0%|          | 0/20 [00:00<?, ?it/s]
latent shape AE train 34/100:   0%|          | 0/157 [00:00<?, ?it/s]
latent shape AE val 34/100:   0%|          | 0/20 [00:00<?, ?it/s]
latent shape AE train 35/100:   0%|          | 0/157 [00:00<?, ?it/s]
latent shape AE val 35/100:   0%|          | 0/20 [00:00<?, ?it/s]
latent shape AE train 36/100:   0%|          | 0/157 [00:00<?, ?it/s]
latent shape AE val 36/100:   0%|          | 0/20 [00:00<?, ?it/s]
latent shape AE train 37/100:   0%|          | 0/157 [00:00<?, ?it/s]
latent shape AE val 37/100:   0%|          | 0/20 [00:00<?, ?it/s]
latent shape AE train 38/100:   0%|          | 0/157 [00:00<?, ?it/s]
latent shape AE val 38/100:   0%|          | 0/20 [00:00<?, ?it/s]
latent shape AE train 39/100:   0%|          | 0/157 [00:00<?, ?it/s]
latent shape AE val 39/100:   0%|          | 0/20 [00:00<?, ?it/s]
latent shape AE train 40/100:   0%|          | 0/157 [00:00<?, ?it/s]
latent shape AE val 40/100:   0%|          | 0/20 [00:00<?, ?it/s]
[latent-shape-ae] epoch 0040/100: train=2.881 val=3.10173 z_std=1.205 cls=0.953

latent shape AE train 41/100:   0%|          | 0/157 [00:00<?, ?it/s]
latent shape AE val 41/100:   0%|          | 0/20 [00:00<?, ?it/s]
latent shape AE train 42/100:   0%|          | 0/157 [00:00<?, ?it/s]
latent shape AE val 42/100:   0%|          | 0/20 [00:00<?, ?it/s]
latent shape AE train 43/100:   0%|          | 0/157 [00:00<?, ?it/s]
latent shape AE val 43/100:   0%|          | 0/20 [00:00<?, ?it/s]
latent shape AE train 44/100:   0%|          | 0/157 [00:00<?, ?it/s]
latent shape AE val 44/100:   0%|          | 0/20 [00:00<?, ?it/s]
latent shape AE train 45/100:   0%|          | 0/157 [00:00<?, ?it/s]
latent shape AE val 45/100:   0%|          | 0/20 [00:00<?, ?it/s]
latent shape AE train 46/100:   0%|          | 0/157 [00:00<?, ?it/s]
latent shape AE val 46/100:   0%|          | 0/20 [00:00<?, ?it/s]
latent shape AE train 47/100:   0%|          | 0/157 [00:00<?, ?it/s]
latent shape AE val 47/100:   0%|          | 0/20 [00:00<?, ?it/s]
latent shape AE train 48/100:   0%|          | 0/157 [00:00<?, ?it/s]
latent shape AE val 48/100:   0%|          | 0/20 [00:00<?, ?it/s]
latent shape AE train 49/100:   0%|          | 0/157 [00:00<?, ?it/s]
latent shape AE val 49/100:   0%|          | 0/20 [00:00<?, ?it/s]
latent shape AE train 50/100:   0%|          | 0/157 [00:00<?, ?it/s]
latent shape AE val 50/100:   0%|          | 0/20 [00:00<?, ?it/s]
latent shape AE train 51/100:   0%|          | 0/157 [00:00<?, ?it/s]
latent shape AE val 51/100:   0%|          | 0/20 [00:00<?, ?it/s]
latent shape AE train 52/100:   0%|          | 0/157 [00:00<?, ?it/s]
latent shape AE val 52/100:   0%|          | 0/20 [00:00<?, ?it/s]
latent shape AE train 53/100:   0%|          | 0/157 [00:00<?, ?it/s]
latent shape AE val 53/100:   0%|          | 0/20 [00:00<?, ?it/s]
latent shape AE train 54/100:   0%|          | 0/157 [00:00<?, ?it/s]
latent shape AE val 54/100:   0%|          | 0/20 [00:00<?, ?it/s]
latent shape AE train 55/100:   0%|          | 0/157 [00:00<?, ?it/s]
latent shape AE val 55/100:   0%|          | 0/20 [00:00<?, ?it/s]
latent shape AE train 56/100:   0%|          | 0/157 [00:00<?, ?it/s]
latent shape AE val 56/100:   0%|          | 0/20 [00:00<?, ?it/s]
[latent-shape-ae] early stopping at epoch 56

latent shape autoencoder validation metrics

                                            value
loss                                     3.086558
raster_loss                              3.021981
latent_mean_std                          1.208370
latent_class_accuracy                    0.922400
latent_num_samples                     512.000000
latent_latent_dim                      128.000000
latent_mean_per_dim_std                  1.219169
latent_median_per_dim_std                1.213913
latent_min_per_dim_std                   1.073805
latent_max_per_dim_std                   1.422352
latent_mean_pairwise_distance           19.364978
latent_median_pairwise_distance         19.929887
latent_rank90                           20.000000
latent_collapsed_by_pairwise_distance    0.000000
latent_collapsed_by_std                  0.000000
Ending Cell 22-----------------------------------------
Executing Cell 23--------------------------------------
<Figure size 600x400 with 1 Axes>
<Figure size 600x300 with 1 Axes>
Ending Cell 23-----------------------------------------
Executing Cell 24--------------------------------------
Ending Cell 24-----------------------------------------
Executing Cell 25--------------------------------------
latent student epoch 1/40:   0%|          | 0/625 [00:00<?, ?it/s]
[latent-student] epoch 0001/40: loss=81.0461 distill=77.0517 raster=3.74604 post=0 z_std=1.1856 z_cls=0.075 val=60.7056 val_chamfer=nan

latent student epoch 2/40:   0%|          | 0/625 [00:00<?, ?it/s]
latent student epoch 3/40:   0%|          | 0/625 [00:00<?, ?it/s]
latent student epoch 4/40:   0%|          | 0/625 [00:00<?, ?it/s]
[latent-student] epoch 0004/40: loss=27.4399 distill=23.445 raster=3.74669 post=0 z_std=1.1854 z_cls=0.076 val=21.2532 val_chamfer=nan

latent student epoch 5/40:   0%|          | 0/625 [00:00<?, ?it/s]
latent student epoch 6/40:   0%|          | 0/625 [00:00<?, ?it/s]
latent student epoch 7/40:   0%|          | 0/625 [00:00<?, ?it/s]
latent student epoch 8/40:   0%|          | 0/625 [00:00<?, ?it/s]
[latent-student] epoch 0008/40: loss=20.7196 distill=16.7248 raster=3.74621 post=0 z_std=1.1854 z_cls=0.075 val=15.9435 val_chamfer=nan

latent student epoch 9/40:   0%|          | 0/625 [00:00<?, ?it/s]
latent student epoch 10/40:   0%|          | 0/625 [00:00<?, ?it/s]
latent student epoch 11/40:   0%|          | 0/625 [00:00<?, ?it/s]
latent student epoch 12/40:   0%|          | 0/625 [00:00<?, ?it/s]
[latent-student] epoch 0012/40: loss=19.2837 distill=15.2879 raster=3.74737 post=0 z_std=1.1855 z_cls=0.075 val=14.1198 val_chamfer=nan

latent student epoch 13/40:   0%|          | 0/625 [00:00<?, ?it/s]
latent student epoch 14/40:   0%|          | 0/625 [00:00<?, ?it/s]
latent student epoch 15/40:   0%|          | 0/625 [00:00<?, ?it/s]
latent student epoch 16/40:   0%|          | 0/625 [00:00<?, ?it/s]
[latent-student] epoch 0016/40: loss=17.9046 distill=13.9094 raster=3.74686 post=0 z_std=1.1856 z_cls=0.074 val=10.9765 val_chamfer=nan

latent student epoch 17/40:   0%|          | 0/625 [00:00<?, ?it/s]
latent student epoch 18/40:   0%|          | 0/625 [00:00<?, ?it/s]
latent student epoch 19/40:   0%|          | 0/625 [00:00<?, ?it/s]
latent student epoch 20/40:   0%|          | 0/625 [00:00<?, ?it/s]
[latent-student] epoch 0020/40: loss=17.2746 distill=13.2791 raster=3.74714 post=0 z_std=1.1857 z_cls=0.076 val=13.4217 val_chamfer=0.003331

latent student epoch 21/40:   0%|          | 0/625 [00:00<?, ?it/s]
latent student epoch 22/40:   0%|          | 0/625 [00:00<?, ?it/s]
latent student epoch 23/40:   0%|          | 0/625 [00:00<?, ?it/s]
latent student epoch 24/40:   0%|          | 0/625 [00:00<?, ?it/s]
[latent-student] epoch 0024/40: loss=19.3426 distill=16.0041 raster=3.23909 post=0 z_std=1.0700 z_cls=0.787 val=12.5506 val_chamfer=nan

latent student epoch 25/40:   0%|          | 0/625 [00:00<?, ?it/s]
latent student epoch 26/40:   0%|          | 0/625 [00:00<?, ?it/s]
latent student epoch 27/40:   0%|          | 0/625 [00:00<?, ?it/s]
latent student epoch 28/40:   0%|          | 0/625 [00:00<?, ?it/s]
[latent-student] epoch 0028/40: loss=18.2542 distill=14.9475 raster=3.21261 post=0 z_std=1.0634 z_cls=0.795 val=16.4777 val_chamfer=nan

latent student epoch 29/40:   0%|          | 0/625 [00:00<?, ?it/s]
latent student epoch 30/40:   0%|          | 0/625 [00:00<?, ?it/s]
latent student epoch 31/40:   0%|          | 0/625 [00:00<?, ?it/s]
latent student epoch 32/40:   0%|          | 0/625 [00:00<?, ?it/s]
[latent-student] epoch 0032/40: loss=18.1397 distill=14.8474 raster=3.20172 post=0 z_std=1.0611 z_cls=0.809 val=12.2476 val_chamfer=nan

latent student epoch 33/40:   0%|          | 0/625 [00:00<?, ?it/s]
latent student epoch 34/40:   0%|          | 0/625 [00:00<?, ?it/s]
latent student epoch 35/40:   0%|          | 0/625 [00:00<?, ?it/s]
latent student epoch 36/40:   0%|          | 0/625 [00:00<?, ?it/s]
[latent-student] epoch 0036/40: loss=17.1353 distill=13.8622 raster=3.18866 post=0 z_std=1.0694 z_cls=0.819 val=11.9723 val_chamfer=nan

latent student epoch 37/40:   0%|          | 0/625 [00:00<?, ?it/s]
latent student epoch 38/40:   0%|          | 0/625 [00:00<?, ?it/s]
latent student epoch 39/40:   0%|          | 0/625 [00:00<?, ?it/s]
latent student epoch 40/40:   0%|          | 0/625 [00:00<?, ?it/s]
[latent-student] epoch 0040/40: loss=16.6857 distill=13.4199 raster=3.18595 post=0 z_std=1.0748 z_cls=0.829 val=10.92 val_chamfer=0.001904
Running fine-scale latent-student refinement on tau levels: [5.05842815e-07 2.12063876e-07 8.89032844e-08 3.72708173e-08
 1.56250000e-08]

latent student fine refinement epoch 1/20:   0%|          | 0/625 [00:00<?, ?it/s]
[latent-student] epoch 0001/20: loss=53.2258 distill=29.2552 raster=3.17507 post=22.3179 z_std=1.0762 z_cls=0.850 val=33.2577 val_chamfer=nan

latent student fine refinement epoch 2/20:   0%|          | 0/625 [00:00<?, ?it/s]
[latent-student] epoch 0002/20: loss=50.8065 distill=27.5319 raster=3.1916 post=21.6112 z_std=1.0630 z_cls=0.853 val=37.6625 val_chamfer=nan

latent student fine refinement epoch 3/20:   0%|          | 0/625 [00:00<?, ?it/s]
latent student fine refinement epoch 4/20:   0%|          | 0/625 [00:00<?, ?it/s]
[latent-student] epoch 0004/20: loss=53.1406 distill=28.7534 raster=3.21027 post=22.7073 z_std=1.0443 z_cls=0.848 val=30.2331 val_chamfer=nan

latent student fine refinement epoch 5/20:   0%|          | 0/625 [00:00<?, ?it/s]
latent student fine refinement epoch 6/20:   0%|          | 0/625 [00:00<?, ?it/s]
[latent-student] epoch 0006/20: loss=50.311 distill=28.4409 raster=3.22217 post=20.1809 z_std=1.0292 z_cls=0.845 val=31.7526 val_chamfer=nan

latent student fine refinement epoch 7/20:   0%|          | 0/625 [00:00<?, ?it/s]
latent student fine refinement epoch 8/20:   0%|          | 0/625 [00:00<?, ?it/s]
[latent-student] epoch 0008/20: loss=48.4312 distill=26.4712 raster=3.23248 post=20.2618 z_std=1.0170 z_cls=0.841 val=26.9008 val_chamfer=nan

latent student fine refinement epoch 9/20:   0%|          | 0/625 [00:00<?, ?it/s]
latent student fine refinement epoch 10/20:   0%|          | 0/625 [00:00<?, ?it/s]
[latent-student] epoch 0010/20: loss=48.075 distill=27.885 raster=3.24079 post=18.487 z_std=1.0115 z_cls=0.843 val=24.6793 val_chamfer=0.0007387

latent student fine refinement epoch 11/20:   0%|          | 0/625 [00:00<?, ?it/s]
latent student fine refinement epoch 12/20:   0%|          | 0/625 [00:00<?, ?it/s]
[latent-student] epoch 0012/20: loss=47.3386 distill=27.2958 raster=3.24555 post=18.3377 z_std=1.0091 z_cls=0.842 val=30.4451 val_chamfer=nan

latent student fine refinement epoch 13/20:   0%|          | 0/625 [00:00<?, ?it/s]
latent student fine refinement epoch 14/20:   0%|          | 0/625 [00:00<?, ?it/s]
[latent-student] epoch 0014/20: loss=44.7904 distill=25.5152 raster=3.25219 post=17.5648 z_std=1.0021 z_cls=0.844 val=24.6606 val_chamfer=nan

latent student fine refinement epoch 15/20:   0%|          | 0/625 [00:00<?, ?it/s]
latent student fine refinement epoch 16/20:   0%|          | 0/625 [00:00<?, ?it/s]
[latent-student] epoch 0016/20: loss=46.7811 distill=25.9548 raster=3.25925 post=19.1098 z_std=0.9946 z_cls=0.845 val=29.2503 val_chamfer=nan

latent student fine refinement epoch 17/20:   0%|          | 0/625 [00:00<?, ?it/s]
latent student fine refinement epoch 18/20:   0%|          | 0/625 [00:00<?, ?it/s]
[latent-student] epoch 0018/20: loss=45.2343 distill=25.98 raster=3.26372 post=17.5352 z_std=0.9911 z_cls=0.844 val=29.8214 val_chamfer=nan

latent student fine refinement epoch 19/20:   0%|          | 0/625 [00:00<?, ?it/s]
latent student fine refinement epoch 20/20:   0%|          | 0/625 [00:00<?, ?it/s]
[latent-student] epoch 0020/20: loss=45.8312 distill=24.4119 raster=3.26925 post=19.694 z_std=0.9857 z_cls=0.842 val=26.3681 val_chamfer=0.0006371
Running topology fine refinement on labels (0, 6, 8, 9) and tau levels: [2.12063876e-07 8.89032844e-08 3.72708173e-08 1.56250000e-08]

topology fine refinement epoch 1/20:   0%|          | 0/250 [00:00<?, ?it/s]
Ending Cell 25-----------------------------------------
Traceback (most recent call last):
  File "<frozen runpy>", line 198, in _run_module_as_main
  File "<frozen runpy>", line 88, in _run_code
  File "/usr/local/lib/python3.11/dist-packages/papermill/__main__.py", line 4, in <module>
    papermill()
  File "/usr/local/lib/python3.11/dist-packages/click/core.py", line 1514, in __call__
    return self.main(*args, **kwargs)
           ^^^^^^^^^^^^^^^^^^^^^^^^^^
  File "/usr/local/lib/python3.11/dist-packages/click/core.py", line 1435, in main
    rv = self.invoke(ctx)
         ^^^^^^^^^^^^^^^^
  File "/usr/local/lib/python3.11/dist-packages/click/core.py", line 1298, in invoke
    return ctx.invoke(self.callback, **ctx.params)
           ^^^^^^^^^^^^^^^^^^^^^^^^^^^^^^^^^^^^^^^
  File "/usr/local/lib/python3.11/dist-packages/click/core.py", line 853, in invoke
    return callback(*args, **kwargs)
           ^^^^^^^^^^^^^^^^^^^^^^^^^
  File "/usr/local/lib/python3.11/dist-packages/click/decorators.py", line 34, in new_func
    return f(get_current_context(), *args, **kwargs)
           ^^^^^^^^^^^^^^^^^^^^^^^^^^^^^^^^^^^^^^^^^
  File "/usr/local/lib/python3.11/dist-packages/papermill/cli.py", line 235, in papermill
    execute_notebook(
  File "/usr/local/lib/python3.11/dist-packages/papermill/execute.py", line 131, in execute_notebook
    raise_for_execution_errors(nb, output_path)
  File "/usr/local/lib/python3.11/dist-packages/papermill/execute.py", line 251, in raise_for_execution_errors
    raise error
papermill.exceptions.PapermillExecutionError: 
---------------------------------------------------------------------------
Exception encountered at "In [15]":
---------------------------------------------------------------------------
ValueError                                Traceback (most recent call last)
Cell In[15], line 168
    166             topology_tau_levels = np.asarray(tau_levels[-min(FINE_LEVEL_COUNT, len(tau_levels)):], dtype=np.float64)
    167         print("Running topology fine refinement on labels", TOPOLOGY_FINE_LABELS, "and tau levels:", topology_tau_levels)
--> 168         topology_fine_student_history = train_latent_only_student_from_teacher(
    169             score_model,
    170             latent_student_model,
    171             train_pc.masses[topo_train_idx],
    172             train_pc.positions[topo_train_idx],
    173             train_pc.labels[topo_train_idx],
    174             val_masses=val_pc.masses[topo_val_idx],
    175             val_positions=val_pc.positions[topo_val_idx],
    176             val_labels=val_pc.labels[topo_val_idx],
    177             tau_levels=topology_tau_levels,
    178             epochs=TOPOLOGY_FINE_EPOCHS,
    179             batch_size=SCORE_BATCH_SIZE,
    180             lr=TOPOLOGY_FINE_LR,
    181             weight_decay=STUDENT_WEIGHT_DECAY,
    182             query_modes=TOPOLOGY_FINE_QUERY_MODES,
    183             direct_query_center_std=TOPOLOGY_DIRECT_CENTER_STD,
    184             latent_raster_loss_weight=0.5 * STUDENT_RASTER_LOSS_WEIGHT,
    185             latent_raster_loss=STUDENT_RASTER_LOSS,
    186             latent_raster_positive_weight=STUDENT_RASTER_POSITIVE_WEIGHT,
    187             latent_raster_dice_weight=STUDENT_RASTER_DICE_WEIGHT,
    188             latent_raster_blur_steps=STUDENT_RASTER_BLUR_STEPS,
    189             latent_variance_weight=0.25 * STUDENT_LATENT_VARIANCE_WEIGHT,
    190             latent_covariance_weight=STUDENT_LATENT_COVARIANCE_WEIGHT,
    191             latent_classification_weight=STUDENT_LATENT_CLASSIFICATION_WEIGHT,
    192             latent_variance_target=STUDENT_LATENT_VARIANCE_TARGET,
    193             posterior_mean_loss_weight=TOPOLOGY_POSTERIOR_MEAN_LOSS_WEIGHT,
    194             posterior_mean_loss_mode=POSTERIOR_MEAN_LOSS_MODE,
    195             posterior_mean_query_modes=TOPOLOGY_FINE_QUERY_MODES,
    196             posterior_mean_target_norm_clip=STUDENT_POSTERIOR_MEAN_TARGET_NORM_CLIP,
    197             component_balance_oracle=True,
    198             component_balance_image_size=COMPONENT_BALANCE_IMAGE_SIZE,
    199             component_balance_dilation=COMPONENT_BALANCE_DILATION,
    200             component_balance_min_pixels=COMPONENT_BALANCE_MIN_PIXELS,
    201             latent_autoencoder=latent_shape_autoencoder,
    202             initialize_from_latent_autoencoder=False,
    203             freeze_latent_modules_epochs=0,
    204             validation_chamfer_every=STUDENT_CHAMFER_VALIDATION_EVERY,
    205             validation_chamfer_count=STUDENT_CHAMFER_VALIDATION_COUNT,
    206             validation_sampler_kwargs={
    207                 "tau_levels": tau_levels,
    208                 "steps_per_level": STUDENT_CHAMFER_VALIDATION_STEPS_PER_LEVEL,
    209                 "sampler_scheme": SAMPLER_SCHEME,
    210                 "initial_position_mode": "uniform",
    211                 "state_projection": STATE_PROJECTION,
    212                 "score_scale": SCORE_SCALE,
    213                 "diffusion_temperature": DIFFUSION_TEMPERATURE,
    214                 "final_polish_steps": LATENT_ONLY_FINAL_POLISH_STEPS,
    215                 "final_polish_temperature": LATENT_ONLY_FINAL_POLISH_TEMPERATURE,
    216                 "final_polish_alpha": LATENT_ONLY_FINAL_POLISH_ALPHA,
    217                 "fine_level_count": FINE_LEVEL_COUNT,
    218                 "fine_level_step_multiplier": FINE_LEVEL_STEP_MULTIPLIER,
    219                 "langevin_alpha": LANGEVIN_ALPHA,
    220             },
    221             validation_chamfer_seed=SEED + 3450,
    222             restore_best_chamfer=STUDENT_CHAMFER_RESTORE_BEST,
    223             device=DEVICE,
    224             verbose=True,
    225             show_progress=SHOW_PROGRESS,
    226             progress_desc="topology fine refinement",
    227         dataloader_num_workers=DATALOADER_NUM_WORKERS,
    228         pin_memory=PIN_MEMORY,
    229         use_amp=USE_MIXED_PRECISION,
    230         )
    232 generation_score_model = latent_student_model
    233 print("Using latent-only student for latent-prior generation.")

File /workspace/condition_df/mnist/target_conditioned_score.py:3224, in train_latent_only_student_from_teacher(teacher, student, masses, positions, labels, val_masses, val_positions, val_labels, tau_levels, epochs, batch_size, lr, weight_decay, query_modes, direct_query_center_std, latent_raster_loss_weight, latent_raster_loss, latent_raster_positive_weight, latent_raster_dice_weight, latent_raster_blur_steps, latent_variance_weight, latent_covariance_weight, latent_classification_weight, latent_variance_target, posterior_mean_loss_weight, posterior_mean_loss_mode, posterior_mean_query_modes, posterior_mean_target_norm_clip, component_balance_oracle, component_balance_image_size, component_balance_dilation, component_balance_min_pixels, teacher_temperature, latent_autoencoder, initialize_from_latent_autoencoder, freeze_latent_modules_epochs, validation_chamfer_every, validation_chamfer_count, validation_sampler_kwargs, validation_chamfer_seed, restore_best_chamfer, max_grad_norm, device, verbose, show_progress, progress_desc, dataloader_num_workers, pin_memory, use_amp)
   3222 batch_labels = batch_labels.to(model_device)
   3223 tau = _sample_tau_from_levels(int(batch_masses.shape[0]), tau_arr, device=model_device, dtype=batch_positions.dtype)
-> 3224 query = _batch_query(batch_masses, batch_positions, tau)
   3225 with _amp_autocast_context(model_device, use_amp):
   3226     with torch.no_grad():

File /workspace/condition_df/mnist/target_conditioned_score.py:3156, in train_latent_only_student_from_teacher.<locals>._batch_query(batch_masses, batch_positions, tau)
   3144 if mode in {"component_noised_target", "component_center_gaussian", "hole_region_uniform"}:
   3145     return _sample_direct_mixture_query_positions(
   3146         batch_positions,
   3147         batch_masses,
   (...)
   3154         component_balance_min_pixels=component_balance_min_pixels,
   3155     )
-> 3156 raise ValueError(f"unknown query mode {mode!r}")

ValueError: unknown query mode 'corner_noised_target'

============================================================
FAILED with status 1 at 2026-05-07T13:39:04+00:00
